---
source: metrique-macro/src/lib.rs
expression: parsed_file
---
#[metrics]
#[derive(Default)]
pub struct AggregatedApiCall {
    #[metrics(unit = Millisecond, name = "latency_2")]
    latency: <Histogram<
        Duration,
        SortAndMerge,
    > as metrique_aggregation::__macro_plumbing::AggregateValue<Duration>>::Aggregated,
    #[metrics(unit = Byte)]
    response_size: <Counter as metrique_aggregation::__macro_plumbing::AggregateValue<
        usize,
    >>::Aggregated,
    response_value: <MergeOptions<
        LastValueWins,
    > as metrique_aggregation::__macro_plumbing::AggregateValue<
        Option<String>,
    >>::Aggregated,
}
impl metrique_aggregation::__macro_plumbing::MergeOnDropExt for ApiCall {}
impl metrique_aggregation::__macro_plumbing::AggregateEntry for ApiCall {
    type Source = Self;
    type Aggregated = AggregatedApiCall;
    type Key = ();
    fn merge_entry(accum: &mut Self::Aggregated, entry: Self::Source) {
        #[allow(deprecated)]
        <Histogram<
            Duration,
            SortAndMerge,
        > as metrique_aggregation::__macro_plumbing::AggregateValue<
            Duration,
        >>::add_value(&mut accum.latency, entry.latency);
        #[allow(deprecated)]
        <Counter as metrique_aggregation::__macro_plumbing::AggregateValue<
            usize,
        >>::add_value(&mut accum.response_size, entry.response_size);
        #[allow(deprecated)]
        <MergeOptions<
            LastValueWins,
        > as metrique_aggregation::__macro_plumbing::AggregateValue<
            Option<String>,
        >>::add_value(&mut accum.response_value, entry.response_value);
    }
    fn new_aggregated(key: &Self::Key) -> Self::Aggregated {
        Self::Aggregated::default()
    }
    fn key(source: &Self::Source) -> Self::Key {
        #[allow(deprecated)] ()
    }
}
#[metrics]
pub struct ApiCall {
    #[metrics(unit = Millisecond, name = "latency_2")]
    latency: Duration,
    #[metrics(unit = Byte)]
    response_size: usize,
    response_value: Option<String>,
}
