---
source: metrique-macro/src/lib.rs
expression: parsed_file
---
#[metrics]
#[derive(Default)]
pub struct AggregatedApiCall {
    #[metrics(unit = Millisecond)]
    latency: <Histogram<
        Duration,
    > as metrique_aggregation::aggregate::AggregateValue<Duration>>::Aggregated,
    #[metrics(unit = Byte)]
    response_size: <Counter as metrique_aggregation::aggregate::AggregateValue<
        usize,
    >>::Aggregated,
}
impl metrique_aggregation::sink::MergeOnDropExt for ApiCall {}
impl metrique_aggregation::aggregate::AggregateEntry for ApiCall {
    type Source = Self;
    type Aggregated = AggregatedApiCall;
    type Key<'a> = ();
    fn merge_entry<'a>(accum: &mut Self::Aggregated, entry: Self::Source) {
        <Histogram<
            Duration,
        > as metrique_aggregation::aggregate::AggregateValue<
            Duration,
        >>::add_value(&mut accum.latency, &entry.latency);
        <Counter as metrique_aggregation::aggregate::AggregateValue<
            usize,
        >>::add_value(&mut accum.response_size, &entry.response_size);
    }
    fn new_aggregated<'a>(key: Self::Key<'a>) -> Self::Aggregated {
        Self::Aggregated::default()
    }
    fn key<'a>(source: &'a Self::Source) -> Self::Key<'a> {
        ()
    }
}
#[metrics]
#[derive(Clone)]
pub struct ApiCall {
    #[metrics(unit = Millisecond)]
    latency: Duration,
    #[metrics(unit = Byte)]
    response_size: usize,
}
