---
source: metrique-macro/src/inflect.rs
expression: grid
---
latency_p99
  Preserve       latency_p99
  Pascal         LatencyP99
  Snake          latency_p99
  Kebab          latency-p99
  ScreamingSnake LATENCY_P99

s3_requests
  Preserve       s3_requests
  Pascal         S3Requests
  Snake          s3_requests
  Kebab          s3-requests
  ScreamingSnake S3_REQUESTS

utf8_string
  Preserve       utf8_string
  Pascal         Utf8String
  Snake          utf8_string
  Kebab          utf8-string
  ScreamingSnake UTF8_STRING

XMLHttpRequest
  Preserve       XMLHttpRequest
  Pascal         XmlHttpRequest
  Snake          xml_http_request
  Kebab          xml-http-request
  ScreamingSnake XML_HTTP_REQUEST
