---
source: metrique-macro/src/aggregate.rs
expression: parsed_file
---
#[metrics]
#[derive(Default)]
struct AggregatedApiCall {
    #[metrics(unit = Millisecond, name = "latency_2")]
    latency: <Histogram<
        Duration,
        SortAndMerge,
    > as metrique_aggregation::__macro_plumbing::AggregateValue<
        <Timer as metrique::CloseValue>::Closed,
    >>::Aggregated,
}
impl metrique_aggregation::__macro_plumbing::Merge for ApiCall {
    type Merged = AggregatedApiCall;
    type MergeConfig = ();
    fn new_merged(_conf: &Self::MergeConfig) -> Self::Merged {
        Self::Merged::default()
    }
    fn merge(accum: &mut Self::Merged, input: Self) {
        <Histogram<
            Duration,
            SortAndMerge,
        > as metrique_aggregation::__macro_plumbing::AggregateValue<
            <Timer as metrique::CloseValue>::Closed,
        >>::add_value(&mut accum.latency, metrique::CloseValue::close(input.latency));
    }
}
impl metrique_aggregation::__macro_plumbing::AggregateStrategy for ApiCall {
    type Source = ApiCall;
    type Key = metrique_aggregation::__macro_plumbing::NoKey;
}
#[metrics]
struct ApiCall {
    #[metrics(unit = Millisecond, name = "latency_2")]
    latency: Timer,
}
