---
source: metrique-macro/src/lib.rs
expression: parsed_file
---
#[metrics]
struct AggregatedApiCallWithOperation {
    endpoint: String,
    #[metrics(unit = Millisecond)]
    latency: <Histogram<
        Duration,
    > as metrique_aggregation::aggregate::AggregateValue<Duration>>::Aggregated,
}
impl metrique_aggregation::sink::MergeOnDropExt for ApiCallWithOperation {}
impl metrique_aggregation::aggregate::AggregateEntry for ApiCallWithOperation {
    type Source = Self;
    type Aggregated = AggregatedApiCallWithOperation;
    type Key = String;
    fn merge_entry(accum: &mut Self::Aggregated, entry: Self::Source) {
        <Histogram<
            Duration,
        > as metrique_aggregation::aggregate::AggregateValue<
            Duration,
        >>::add_value(&mut accum.latency, entry.latency);
    }
    fn new_aggregated(key: &Self::Key) -> Self::Aggregated {
        AggregatedApiCallWithOperation {
            endpoint: key.clone(),
            latency: Default::default(),
        }
    }
    fn key(source: &Self::Source) -> Self::Key {
        source.endpoint.clone()
    }
}
#[metrics]
#[derive(Clone)]
struct ApiCallWithOperation {
    endpoint: String,
    #[metrics(unit = Millisecond)]
    latency: Duration,
}
