---
source: metrique-macro/src/lib.rs
expression: parsed_file
---
struct FlaggedMetrics {
    count: u64,
    debug: String,
    special: u64,
}
#[doc(hidden)]
#[allow(clippy::type_complexity)]
pub struct FlaggedMetricsEntry {
    #[deprecated(
        note = "these fields will become private in a future release. To introspect an entry, use `metrique::writer::test_util::test_entry`"
    )]
    #[doc(hidden)]
    count: <u64 as metrique::CloseValue>::Closed,
    #[deprecated(
        note = "these fields will become private in a future release. To introspect an entry, use `metrique::writer::test_util::test_entry`"
    )]
    #[doc(hidden)]
    debug: <String as metrique::CloseValue>::Closed,
    #[deprecated(
        note = "these fields will become private in a future release. To introspect an entry, use `metrique::writer::test_util::test_entry`"
    )]
    #[doc(hidden)]
    special: <u64 as metrique::CloseValue>::Closed,
}
const _: () = {
    impl FlaggedMetricsEntry {
        #[doc(hidden)]
        #[inline(always)]
        fn __metrique_descriptor(
            __style: u8,
        ) -> &'static ::metrique::writer::core::EntryDescriptor {
            static __METRIQUE_FLAGS_0: [::metrique::writer::core::FieldFlag; 1usize] = [
                ::metrique::writer::core::FieldFlag::__metrique_private_new(
                    ::std::any::TypeId::of::<MyFlag>(),
                ),
            ];
            static __METRIQUE_SUPPRESSED_0: [::std::any::TypeId; 0usize] = [];
            static __METRIQUE_FLAGS_1: [::metrique::writer::core::FieldFlag; 0usize] = [];
            static __METRIQUE_SUPPRESSED_1: [::std::any::TypeId; 1usize] = [
                ::std::any::TypeId::of::<MyFlag>(),
            ];
            static __METRIQUE_FLAGS_2: [::metrique::writer::core::FieldFlag; 2usize] = [
                ::metrique::writer::core::FieldFlag::__metrique_private_new(
                    ::std::any::TypeId::of::<OtherFlag>(),
                ),
                ::metrique::writer::core::FieldFlag::__metrique_private_new(
                    ::std::any::TypeId::of::<MyFlag>(),
                ),
            ];
            static __METRIQUE_SUPPRESSED_2: [::std::any::TypeId; 0usize] = [];
            match __style {
                ::metrique::STYLE_PRESERVE => {
                    static __METRIQUE_FIELDS_PRESERVE: [::metrique::writer::core::FieldDescriptor; 3usize] = [
                        ::metrique::writer::core::FieldDescriptor::__metrique_private_new(
                            "count",
                            &__METRIQUE_FLAGS_0,
                            &__METRIQUE_SUPPRESSED_0,
                            ::metrique::writer::core::FieldShape::Opaque,
                            None,
                        ),
                        ::metrique::writer::core::FieldDescriptor::__metrique_private_new(
                            "debug",
                            &__METRIQUE_FLAGS_1,
                            &__METRIQUE_SUPPRESSED_1,
                            ::metrique::writer::core::FieldShape::Opaque,
                            None,
                        ),
                        ::metrique::writer::core::FieldDescriptor::__metrique_private_new(
                            "special",
                            &__METRIQUE_FLAGS_2,
                            &__METRIQUE_SUPPRESSED_2,
                            ::metrique::writer::core::FieldShape::Opaque,
                            None,
                        ),
                    ];
                    static __METRIQUE_DESC_PRESERVE: ::metrique::writer::core::EntryDescriptor = ::metrique::writer::core::EntryDescriptor::__metrique_private_new(
                        "FlaggedMetrics",
                        &__METRIQUE_FIELDS_PRESERVE,
                        None,
                    );
                    &__METRIQUE_DESC_PRESERVE
                }
                ::metrique::STYLE_PASCAL => {
                    static __METRIQUE_FIELDS_PASCAL: [::metrique::writer::core::FieldDescriptor; 3usize] = [
                        ::metrique::writer::core::FieldDescriptor::__metrique_private_new(
                            "Count",
                            &__METRIQUE_FLAGS_0,
                            &__METRIQUE_SUPPRESSED_0,
                            ::metrique::writer::core::FieldShape::Opaque,
                            None,
                        ),
                        ::metrique::writer::core::FieldDescriptor::__metrique_private_new(
                            "Debug",
                            &__METRIQUE_FLAGS_1,
                            &__METRIQUE_SUPPRESSED_1,
                            ::metrique::writer::core::FieldShape::Opaque,
                            None,
                        ),
                        ::metrique::writer::core::FieldDescriptor::__metrique_private_new(
                            "Special",
                            &__METRIQUE_FLAGS_2,
                            &__METRIQUE_SUPPRESSED_2,
                            ::metrique::writer::core::FieldShape::Opaque,
                            None,
                        ),
                    ];
                    static __METRIQUE_DESC_PASCAL: ::metrique::writer::core::EntryDescriptor = ::metrique::writer::core::EntryDescriptor::__metrique_private_new(
                        "FlaggedMetrics",
                        &__METRIQUE_FIELDS_PASCAL,
                        None,
                    );
                    &__METRIQUE_DESC_PASCAL
                }
                ::metrique::STYLE_SNAKE => {
                    static __METRIQUE_FIELDS_SNAKE: [::metrique::writer::core::FieldDescriptor; 3usize] = [
                        ::metrique::writer::core::FieldDescriptor::__metrique_private_new(
                            "count",
                            &__METRIQUE_FLAGS_0,
                            &__METRIQUE_SUPPRESSED_0,
                            ::metrique::writer::core::FieldShape::Opaque,
                            None,
                        ),
                        ::metrique::writer::core::FieldDescriptor::__metrique_private_new(
                            "debug",
                            &__METRIQUE_FLAGS_1,
                            &__METRIQUE_SUPPRESSED_1,
                            ::metrique::writer::core::FieldShape::Opaque,
                            None,
                        ),
                        ::metrique::writer::core::FieldDescriptor::__metrique_private_new(
                            "special",
                            &__METRIQUE_FLAGS_2,
                            &__METRIQUE_SUPPRESSED_2,
                            ::metrique::writer::core::FieldShape::Opaque,
                            None,
                        ),
                    ];
                    static __METRIQUE_DESC_SNAKE: ::metrique::writer::core::EntryDescriptor = ::metrique::writer::core::EntryDescriptor::__metrique_private_new(
                        "FlaggedMetrics",
                        &__METRIQUE_FIELDS_SNAKE,
                        None,
                    );
                    &__METRIQUE_DESC_SNAKE
                }
                ::metrique::STYLE_KEBAB => {
                    static __METRIQUE_FIELDS_KEBAB: [::metrique::writer::core::FieldDescriptor; 3usize] = [
                        ::metrique::writer::core::FieldDescriptor::__metrique_private_new(
                            "count",
                            &__METRIQUE_FLAGS_0,
                            &__METRIQUE_SUPPRESSED_0,
                            ::metrique::writer::core::FieldShape::Opaque,
                            None,
                        ),
                        ::metrique::writer::core::FieldDescriptor::__metrique_private_new(
                            "debug",
                            &__METRIQUE_FLAGS_1,
                            &__METRIQUE_SUPPRESSED_1,
                            ::metrique::writer::core::FieldShape::Opaque,
                            None,
                        ),
                        ::metrique::writer::core::FieldDescriptor::__metrique_private_new(
                            "special",
                            &__METRIQUE_FLAGS_2,
                            &__METRIQUE_SUPPRESSED_2,
                            ::metrique::writer::core::FieldShape::Opaque,
                            None,
                        ),
                    ];
                    static __METRIQUE_DESC_KEBAB: ::metrique::writer::core::EntryDescriptor = ::metrique::writer::core::EntryDescriptor::__metrique_private_new(
                        "FlaggedMetrics",
                        &__METRIQUE_FIELDS_KEBAB,
                        None,
                    );
                    &__METRIQUE_DESC_KEBAB
                }
                _ => unreachable!("unknown descriptor style index"),
            }
        }
    }
    #[expect(deprecated)]
    impl<NS: ::metrique::NameStyle> ::metrique::InflectableEntry<NS>
    for FlaggedMetricsEntry {
        fn write<'__metrique_write>(
            &'__metrique_write self,
            writer: &mut impl ::metrique::writer::EntryWriter<'__metrique_write>,
        ) {
            let __metrique_self = self;
            ::metrique::writer::EntryWriter::value(
                writer,
                {
                    struct CountPreserve;
                    impl ::metrique::concat::ConstStr for CountPreserve {
                        const VAL: &'static str = "count";
                    }
                    struct CountKebab;
                    impl ::metrique::concat::ConstStr for CountKebab {
                        const VAL: &'static str = "count";
                    }
                    struct CountPascal;
                    impl ::metrique::concat::ConstStr for CountPascal {
                        const VAL: &'static str = "Count";
                    }
                    struct CountSnake;
                    impl ::metrique::concat::ConstStr for CountSnake {
                        const VAL: &'static str = "count";
                    }
                    ::metrique::concat::const_str_value::<
                        <NS::PascalCase as ::metrique::NameStyle>::Inflect<
                            CountPreserve,
                            CountPascal,
                            CountSnake,
                            CountKebab,
                        >,
                    >()
                },
                &__metrique_self.count,
            );
            ::metrique::writer::EntryWriter::value(
                writer,
                {
                    struct DebugPreserve;
                    impl ::metrique::concat::ConstStr for DebugPreserve {
                        const VAL: &'static str = "debug";
                    }
                    struct DebugKebab;
                    impl ::metrique::concat::ConstStr for DebugKebab {
                        const VAL: &'static str = "debug";
                    }
                    struct DebugPascal;
                    impl ::metrique::concat::ConstStr for DebugPascal {
                        const VAL: &'static str = "Debug";
                    }
                    struct DebugSnake;
                    impl ::metrique::concat::ConstStr for DebugSnake {
                        const VAL: &'static str = "debug";
                    }
                    ::metrique::concat::const_str_value::<
                        <NS::PascalCase as ::metrique::NameStyle>::Inflect<
                            DebugPreserve,
                            DebugPascal,
                            DebugSnake,
                            DebugKebab,
                        >,
                    >()
                },
                &__metrique_self.debug,
            );
            ::metrique::writer::EntryWriter::value(
                writer,
                {
                    struct SpecialPreserve;
                    impl ::metrique::concat::ConstStr for SpecialPreserve {
                        const VAL: &'static str = "special";
                    }
                    struct SpecialKebab;
                    impl ::metrique::concat::ConstStr for SpecialKebab {
                        const VAL: &'static str = "special";
                    }
                    struct SpecialPascal;
                    impl ::metrique::concat::ConstStr for SpecialPascal {
                        const VAL: &'static str = "Special";
                    }
                    struct SpecialSnake;
                    impl ::metrique::concat::ConstStr for SpecialSnake {
                        const VAL: &'static str = "special";
                    }
                    ::metrique::concat::const_str_value::<
                        <NS::PascalCase as ::metrique::NameStyle>::Inflect<
                            SpecialPreserve,
                            SpecialPascal,
                            SpecialSnake,
                            SpecialKebab,
                        >,
                    >()
                },
                &__metrique_self.special,
            );
        }
        fn sample_group(
            &self,
        ) -> impl ::std::iter::Iterator<
            Item = (::std::borrow::Cow<'static, str>, ::std::borrow::Cow<'static, str>),
        > {
            let __metrique_self = self;
            ::std::iter::empty()
        }
        fn descriptors(
            &self,
        ) -> impl ::std::iter::Iterator<
            Item = ::metrique::writer::core::DescriptorRef<'_>,
        > {
            ::std::iter::once(
                ::metrique::writer::core::DescriptorRef::from_static(
                    FlaggedMetricsEntry::__metrique_descriptor(::metrique::STYLE_PASCAL),
                ),
            )
        }
    }
};
impl metrique::CloseValue for FlaggedMetrics {
    type Closed = FlaggedMetricsEntry;
    fn close(self) -> Self::Closed {
        macro_rules! __metrique_self_expr {
            () => {
                self
            };
        }
        #[allow(deprecated)]
        FlaggedMetricsEntry {
            count: metrique::CloseValue::close(__metrique_self_expr!().count),
            debug: metrique::CloseValue::close(__metrique_self_expr!().debug),
            special: metrique::CloseValue::close(__metrique_self_expr!().special),
        }
    }
}
#[doc = concat!(
    "Metrics guard returned from [`", "FlaggedMetrics",
    "::append_on_drop`], closes the entry and appends the metrics to a sink when dropped."
)]
type FlaggedMetricsGuard<Q = ::metrique::DefaultSink> = ::metrique::AppendAndCloseOnDrop<
    FlaggedMetrics,
    Q,
>;
#[doc = concat!(
    "Metrics handle returned from [`", "FlaggedMetricsGuard",
    "::handle`], similar to an `Arc<", "FlaggedMetricsGuard", ">`."
)]
type FlaggedMetricsHandle<Q = ::metrique::DefaultSink> = ::metrique::AppendAndCloseOnDropHandle<
    FlaggedMetrics,
    Q,
>;
impl FlaggedMetrics {
    ///Creates an AppendAndCloseOnDrop that will be automatically appended to `sink` on drop.
    fn append_on_drop<
        Q: ::metrique::writer::EntrySink<::metrique::RootEntry<FlaggedMetricsEntry>>
            + Send + Sync + 'static,
    >(self, sink: Q) -> FlaggedMetricsGuard<Q> {
        ::metrique::append_and_close(self, sink)
    }
}
